// Vitest Snapshot v1, https://vitest.dev/guide/snapshot.html

exports[`golden-master du cœur économique > buildingBatchCost > foragers x1 1`] = `
{
  "food": Decimal(324.294234694),
}
`;

exports[`golden-master du cœur économique > buildingBatchCost > foragers x25 1`] = `
{
  "food": Decimal(130380.062095),
}
`;

exports[`golden-master du cœur économique > buildingBatchCost > foragers x500 1`] = `
{
  "food": Decimal(1.01313267723e+41),
}
`;

exports[`golden-master du cœur économique > buildingBatchCost > foragers xmax 1`] = `
{
  "food": Decimal(324.294234694),
}
`;

exports[`golden-master du cœur économique > buildingBatchCost > markets x1 1`] = `
{
  "food": Decimal(103749.698404),
}
`;

exports[`golden-master du cœur économique > buildingBatchCost > markets x25 1`] = `
{
  "food": Decimal(57502456.5869),
}
`;

exports[`golden-master du cœur économique > buildingBatchCost > markets x500 1`] = `
{
  "food": Decimal(1.2202609301e+47),
}
`;

exports[`golden-master du cœur économique > buildingBatchCost > markets xmax 1`] = `
{
  "food": Decimal(103749.698404),
}
`;

exports[`golden-master du cœur économique > cityVitals 1`] = `
{
  "foodBonus": -0.114,
  "foodMult": 1,
  "foodScore": 0.0666666666667,
  "goldBonus": 0.22,
  "goldMult": 1.22,
  "goldScore": 0.571428571429,
  "infraMult": 1.09606666667,
  "instabilityRelief": 0.0052,
  "knowledgeBonus": 0.0866666666667,
  "knowledgeMult": 1.08666666667,
  "knowledgeScore": 0.266666666667,
  "populationMult": 0.886,
}
`;

exports[`golden-master du cœur économique > maxBuyAmount > foragers 1`] = `22`;

exports[`golden-master du cœur économique > maxBuyAmount > guilds 1`] = `1`;

exports[`golden-master du cœur économique > maxBuyAmount > markets 1`] = `1`;

exports[`golden-master du cœur économique > pressureBreakdown 1`] = `
{
  "complexity": 0.285810260864,
  "demesure": 0.0336421205958,
  "dissent": 0.07523170032,
  "gauges": {
    "demesureCut": 0,
    "goldReserveSeconds": null,
    "graces": 0.0264759259259,
    "infraCoverage": 0.923076923077,
    "knowledgeStrain": 0.392413342054,
    "popLog": 4.69897000434,
    "riskyBuildingCount": 50,
    "ruinStability": 0,
    "ruptureGrowth": 1,
    "scarcityDeficit": 0.333333333333,
    "stabilizerCount": 1,
    "structuralNet": 0.0646,
  },
  "inequality": 0.0692307692308,
  "mitigation": 0.303520869616,
  "scarcity": 0.183333333333,
  "structural": 0.0860795052169,
  "total": 0.429806819945,
}
`;

exports[`golden-master du cœur économique > rates 1`] = `
{
  "food": Decimal(3191.18777504),
  "gold": Decimal(4705.70995935),
  "infrastructure": Decimal(316.472980217),
  "instability": 0.424606819945,
  "knowledge": Decimal(0),
  "population": Decimal(222.452214305),
}
`;

exports[`golden-master du cœur économique > ruinGain (crise ouverte) 1`] = `Decimal(10)`;

exports[`golden-master du cœur économique > ruinGain — couverture de la courbe > pic au-delà du domaine float (1e310) — chemin Decimal 1`] = `Decimal(2.3587693468e+138)`;

exports[`golden-master du cœur économique > ruinGain — couverture de la courbe > pic early game (500) 1`] = `Decimal(6)`;

exports[`golden-master du cœur économique > ruinGain — couverture de la courbe > pic late game float (1e20) 1`] = `Decimal(74590841)`;

exports[`golden-master du cœur économique > timeWearRate 1`] = `0.0000243808005511`;
